{
  message: 'Initialization successful for Email Id : shubhamsutar5799@gmail.com in Environment : https://www.zohoapis.com.',
  level: 'info',
  timestamp: '2026-09-11 13:33:14'
}
{
  message: 'Initialization successful for Email Id : shubhamsutar5799@gmail.com in Environment : https://www.zohoapis.com.',
  level: 'info',
  timestamp: '2026-09-11 13:36:34'
}
{
  message: 'Initialization successful for Email Id : shubhamsutar5799@gmail.com in Environment : https://www.zohoapis.com.',
  level: 'info',
  timestamp: '2026-09-11 13:36:56'
}
{
  message: 'Initialization successful for Email Id : shubhamsutar5799@gmail.com in Environment : https://www.zohoapis.com.',
  level: 'info',
  timestamp: '2026-09-11 13:36:59'
}
{
  message: 'Initialization successful for Email Id : shubhamsutar5799@gmail.com in Environment : https://www.zohoapis.com.',
  level: 'info',
  timestamp: '2026-09-11 13:37:39'
}
{
  message: 'Initialization successful for Email Id : shubhamsutar5799@gmail.com in Environment : https://www.zohoapis.com.',
  level: 'info',
  timestamp: '2026-09-11 13:38:50'
}
{
  message: 'Initialization successful for Email Id : shubhamsutar5799@gmail.com in Environment : https://www.zohoapis.com.',
  level: 'info',
  timestamp: '2026-09-11 13:40:34'
}
{
  message: 'Initialization successful for Email Id : shubhamsutar5799@gmail.com in Environment : https://www.zohoapis.com.',
  level: 'info',
  timestamp: '2026-09-11 13:40:45'
}
{
  message: 'Initialization successful for Email Id : shubhamsutar5799@gmail.com in Environment : https://www.zohoapis.com.',
  level: 'info',
  timestamp: '2026-09-11 13:40:52'
}
{
  message: 'Initialization successful for Email Id : shubhamsutar5799@gmail.com in Environment : https://www.zohoapis.com.',
  level: 'info',
  timestamp: '2026-09-11 13:40:58'
}
{
  message: `REQUEST-METHOD = GET , URL = https://www.zohoapis.com/crm/v2/Contacts , HEADERS = [["Authorization"," ## can't disclose ## "],["X-ZOHO-SDK","win32/10.0.26200/nodejs-2.0/v22.16.0:6.1.0"]] , PARAMS = [].`,
  level: 'info',
  timestamp: '2026-09-11 13:40:59'
}
{
  message: `REQUEST-METHOD = GET , URL = https://www.zohoapis.com/crm/v2/settings/fields?module=Leads& , HEADERS = [["Authorization"," ## can't disclose ## "],["X-ZOHO-SDK","win32/10.0.26200/nodejs-2.0/v22.16.0:6.1.0"]] , PARAMS = [["module","Leads"]].`,
  level: 'info',
  timestamp: '2026-09-11 13:41:01'
}
{
  message: 'Initialization successful for Email Id : shubhamsutar5799@gmail.com in Environment : https://www.zohoapis.com.',
  level: 'info',
  timestamp: '2026-09-11 13:41:02'
}
{
  message: `REQUEST-METHOD = GET , URL = https://www.zohoapis.com/crm/v2/Leads , HEADERS = [["Authorization"," ## can't disclose ## "],["X-ZOHO-SDK","win32/10.0.26200/nodejs-2.0/v22.16.0:6.1.0"]] , PARAMS = [].`,
  level: 'info',
  timestamp: '2026-09-11 13:41:02'
}
{
  message: `REQUEST-METHOD = GET , URL = https://www.zohoapis.com/crm/v2/Contacts , HEADERS = [["Authorization"," ## can't disclose ## "],["X-ZOHO-SDK","win32/10.0.26200/nodejs-2.0/v22.16.0:6.1.0"]] , PARAMS = [].`,
  level: 'info',
  timestamp: '2026-09-11 13:41:03'
}
{
  message: `REQUEST-METHOD = GET , URL = https://www.zohoapis.com/crm/v2/Leads , HEADERS = [["Authorization"," ## can't disclose ## "],["X-ZOHO-SDK","win32/10.0.26200/nodejs-2.0/v22.16.0:6.1.0"]] , PARAMS = [].`,
  level: 'info',
  timestamp: '2026-09-11 13:41:04'
}
{
  message: 'Initialization successful for Email Id : shubhamsutar5799@gmail.com in Environment : https://www.zohoapis.com.',
  level: 'info',
  timestamp: '2026-09-11 13:41:04'
}
{
  message: 'Initialization successful for Email Id : shubhamsutar5799@gmail.com in Environment : https://www.zohoapis.com.',
  level: 'info',
  timestamp: '2026-09-11 13:41:05'
}
{
  message: 'Initialization successful for Email Id : shubhamsutar5799@gmail.com in Environment : https://www.zohoapis.com.',
  level: 'info',
  timestamp: '2026-09-11 13:41:14'
}
{
  message: 'Initialization successful for Email Id : shubhamsutar5799@gmail.com in Environment : https://www.zohoapis.com.',
  level: 'info',
  timestamp: '2026-09-11 13:41:26'
}
{
  message: 'Initialization successful for Email Id : shubhamsutar5799@gmail.com in Environment : https://www.zohoapis.com.',
  level: 'info',
  timestamp: '2026-09-11 13:41:31'
}
{
  message: `REQUEST-METHOD = GET , URL = https://www.zohoapis.com/crm/v2/Contacts , HEADERS = [["Authorization"," ## can't disclose ## "],["X-ZOHO-SDK","win32/10.0.26200/nodejs-2.0/v22.16.0:6.1.0"]] , PARAMS = [].`,
  level: 'info',
  timestamp: '2026-09-11 13:41:31'
}
{
  message: `REQUEST-METHOD = GET , URL = https://www.zohoapis.com/crm/v2/Leads , HEADERS = [["Authorization"," ## can't disclose ## "],["X-ZOHO-SDK","win32/10.0.26200/nodejs-2.0/v22.16.0:6.1.0"]] , PARAMS = [].`,
  level: 'info',
  timestamp: '2026-09-11 13:41:32'
}
{
  message: `REQUEST-METHOD = GET , URL = https://www.zohoapis.com/crm/v2/Contacts , HEADERS = [["Authorization"," ## can't disclose ## "],["X-ZOHO-SDK","win32/10.0.26200/nodejs-2.0/v22.16.0:6.1.0"]] , PARAMS = [].`,
  level: 'info',
  timestamp: '2026-09-11 13:41:33'
}
{
  message: `REQUEST-METHOD = GET , URL = https://www.zohoapis.com/crm/v2/Leads , HEADERS = [["Authorization"," ## can't disclose ## "],["X-ZOHO-SDK","win32/10.0.26200/nodejs-2.0/v22.16.0:6.1.0"]] , PARAMS = [].`,
  level: 'info',
  timestamp: '2026-09-11 13:41:33'
}
{
  message: 'Initialization successful for Email Id : shubhamsutar5799@gmail.com in Environment : https://www.zohoapis.com.',
  level: 'info',
  timestamp: '2026-09-11 13:41:34'
}
{
  message: 'Initialization successful for Email Id : shubhamsutar5799@gmail.com in Environment : https://www.zohoapis.com.',
  level: 'info',
  timestamp: '2026-09-11 13:41:35'
}
{
  message: `REQUEST-METHOD = GET , URL = https://www.zohoapis.com/crm/v2/Contacts , HEADERS = [["Authorization"," ## can't disclose ## "],["X-ZOHO-SDK","win32/10.0.26200/nodejs-2.0/v22.16.0:6.1.0"]] , PARAMS = [].`,
  level: 'info',
  timestamp: '2026-09-11 13:42:11'
}
{
  message: `REQUEST-METHOD = GET , URL = https://www.zohoapis.com/crm/v2/Leads , HEADERS = [["Authorization"," ## can't disclose ## "],["X-ZOHO-SDK","win32/10.0.26200/nodejs-2.0/v22.16.0:6.1.0"]] , PARAMS = [].`,
  level: 'info',
  timestamp: '2026-09-11 13:42:12'
}
{
  message: 'Initialization successful for Email Id : shubhamsutar5799@gmail.com in Environment : https://www.zohoapis.com.',
  level: 'info',
  timestamp: '2026-09-11 13:42:13'
}
{
  message: 'Initialization successful for Email Id : shubhamsutar5799@gmail.com in Environment : https://www.zohoapis.com.',
  level: 'info',
  timestamp: '2026-09-11 13:44:49'
}
{
  message: 'Initialization successful for Email Id : shubhamsutar5799@gmail.com in Environment : https://www.zohoapis.com.',
  level: 'info',
  timestamp: '2026-09-11 13:44:57'
}
{
  message: 'Initialization successful for Email Id : shubhamsutar5799@gmail.com in Environment : https://www.zohoapis.com.',
  level: 'info',
  timestamp: '2026-09-11 13:45:06'
}
{
  message: 'Initialization successful for Email Id : shubhamsutar5799@gmail.com in Environment : https://www.zohoapis.com.',
  level: 'info',
  timestamp: '2026-09-11 13:45:21'
}
{
  message: `REQUEST-METHOD = GET , URL = https://www.zohoapis.com/crm/v2/Contacts , HEADERS = [["Authorization"," ## can't disclose ## "],["X-ZOHO-SDK","win32/10.0.26200/nodejs-2.0/v22.16.0:6.1.0"]] , PARAMS = [].`,
  level: 'info',
  timestamp: '2026-09-11 13:45:21'
}
{
  message: `REQUEST-METHOD = GET , URL = https://www.zohoapis.com/crm/v2/Leads , HEADERS = [["Authorization"," ## can't disclose ## "],["X-ZOHO-SDK","win32/10.0.26200/nodejs-2.0/v22.16.0:6.1.0"]] , PARAMS = [].`,
  level: 'info',
  timestamp: '2026-09-11 13:45:22'
}
{
  message: `REQUEST-METHOD = GET , URL = https://www.zohoapis.com/crm/v2/Contacts , HEADERS = [["Authorization"," ## can't disclose ## "],["X-ZOHO-SDK","win32/10.0.26200/nodejs-2.0/v22.16.0:6.1.0"]] , PARAMS = [].`,
  level: 'info',
  timestamp: '2026-09-11 13:45:23'
}
{
  message: `REQUEST-METHOD = GET , URL = https://www.zohoapis.com/crm/v2/Leads , HEADERS = [["Authorization"," ## can't disclose ## "],["X-ZOHO-SDK","win32/10.0.26200/nodejs-2.0/v22.16.0:6.1.0"]] , PARAMS = [].`,
  level: 'info',
  timestamp: '2026-09-11 13:45:23'
}
{
  message: 'Initialization successful for Email Id : shubhamsutar5799@gmail.com in Environment : https://www.zohoapis.com.',
  level: 'info',
  timestamp: '2026-09-11 13:45:23'
}
{
  message: 'Initialization successful for Email Id : shubhamsutar5799@gmail.com in Environment : https://www.zohoapis.com.',
  level: 'info',
  timestamp: '2026-09-11 13:45:24'
}
{
  message: `REQUEST-METHOD = GET , URL = https://www.zohoapis.com/crm/v2/Contacts , HEADERS = [["Authorization"," ## can't disclose ## "],["X-ZOHO-SDK","win32/10.0.26200/nodejs-2.0/v22.16.0:6.1.0"]] , PARAMS = [].`,
  level: 'info',
  timestamp: '2026-09-11 13:46:16'
}
{
  message: `REQUEST-METHOD = GET , URL = https://www.zohoapis.com/crm/v2/Leads , HEADERS = [["Authorization"," ## can't disclose ## "],["X-ZOHO-SDK","win32/10.0.26200/nodejs-2.0/v22.16.0:6.1.0"]] , PARAMS = [].`,
  level: 'info',
  timestamp: '2026-09-11 13:46:17'
}
{
  message: 'Initialization successful for Email Id : shubhamsutar5799@gmail.com in Environment : https://www.zohoapis.com.',
  level: 'info',
  timestamp: '2026-09-11 13:46:19'
}
{
  message: 'Initialization successful for Email Id : shubhamsutar5799@gmail.com in Environment : https://www.zohoapis.com.',
  level: 'info',
  timestamp: '2026-09-11 13:50:48'
}
{
  message: 'Initialization successful for Email Id : shubhamsutar5799@gmail.com in Environment : https://www.zohoapis.com.',
  level: 'info',
  timestamp: '2026-09-11 13:51:15'
}
{
  message: 'Initialization successful for Email Id : shubhamsutar5799@gmail.com in Environment : https://www.zohoapis.com.',
  level: 'info',
  timestamp: '2026-09-11 13:51:25'
}
{
  message: 'Initialization successful for Email Id : shubhamsutar5799@gmail.com in Environment : https://www.zohoapis.com.',
  level: 'info',
  timestamp: '2026-09-11 13:51:33'
}
{
  message: 'Initialization successful for Email Id : shubhamsutar5799@gmail.com in Environment : https://www.zohoapis.com.',
  level: 'info',
  timestamp: '2026-09-11 13:51:43'
}
{
  message: 'Initialization successful for Email Id : shubhamsutar5799@gmail.com in Environment : https://www.zohoapis.com.',
  level: 'info',
  timestamp: '2026-09-11 13:51:52'
}
{
  message: 'Initialization successful for Email Id : shubhamsutar5799@gmail.com in Environment : https://www.zohoapis.com.',
  level: 'info',
  timestamp: '2026-09-11 13:51:59'
}
{
  message: 'Initialization successful for Email Id : shubhamsutar5799@gmail.com in Environment : https://www.zohoapis.com.',
  level: 'info',
  timestamp: '2026-09-11 13:52:06'
}
{
  message: 'Initialization successful for Email Id : shubhamsutar5799@gmail.com in Environment : https://www.zohoapis.com.',
  level: 'info',
  timestamp: '2026-09-11 13:52:48'
}
{
  message: 'Initialization successful for Email Id : shubhamsutar5799@gmail.com in Environment : https://www.zohoapis.com.',
  level: 'info',
  timestamp: '2026-09-11 13:53:02'
}
{
  message: `REQUEST-METHOD = GET , URL = https://www.zohoapis.com/crm/v2/Contacts , HEADERS = [["Authorization"," ## can't disclose ## "],["X-ZOHO-SDK","win32/10.0.26200/nodejs-2.0/v22.16.0:6.1.0"]] , PARAMS = [].`,
  level: 'info',
  timestamp: '2026-09-11 13:55:11'
}
{
  message: `REQUEST-METHOD = GET , URL = https://www.zohoapis.com/crm/v2/Leads , HEADERS = [["Authorization"," ## can't disclose ## "],["X-ZOHO-SDK","win32/10.0.26200/nodejs-2.0/v22.16.0:6.1.0"]] , PARAMS = [].`,
  level: 'info',
  timestamp: '2026-09-11 13:55:13'
}
{
  message: 'Initialization successful for Email Id : shubhamsutar5799@gmail.com in Environment : https://www.zohoapis.com.',
  level: 'info',
  timestamp: '2026-09-11 13:55:14'
}
{
  message: 'Initialization successful for Email Id : shubhamsutar5799@gmail.com in Environment : https://www.zohoapis.com.',
  level: 'info',
  timestamp: '2026-09-11 13:57:28'
}
{
  message: 'Initialization successful for Email Id : shubhamsutar5799@gmail.com in Environment : https://www.zohoapis.com.',
  level: 'info',
  timestamp: '2026-09-11 13:57:40'
}
{
  message: 'Initialization successful for Email Id : shubhamsutar5799@gmail.com in Environment : https://www.zohoapis.com.',
  level: 'info',
  timestamp: '2026-09-11 13:57:47'
}
{
  message: 'Initialization successful for Email Id : shubhamsutar5799@gmail.com in Environment : https://www.zohoapis.com.',
  level: 'info',
  timestamp: '2026-09-11 13:57:57'
}
{
  message: 'Initialization successful for Email Id : shubhamsutar5799@gmail.com in Environment : https://www.zohoapis.com.',
  level: 'info',
  timestamp: '2026-09-11 14:00:36'
}
{
  message: 'Initialization successful for Email Id : shubhamsutar5799@gmail.com in Environment : https://www.zohoapis.com.',
  level: 'info',
  timestamp: '2026-09-11 14:00:49'
}
{
  message: 'Initialization successful for Email Id : shubhamsutar5799@gmail.com in Environment : https://www.zohoapis.com.',
  level: 'info',
  timestamp: '2026-09-11 14:00:55'
}
{
  message: 'Initialization successful for Email Id : shubhamsutar5799@gmail.com in Environment : https://www.zohoapis.com.',
  level: 'info',
  timestamp: '2026-09-11 14:01:05'
}
{
  message: 'Initialization successful for Email Id : shubhamsutar5799@gmail.com in Environment : https://www.zohoapis.com.',
  level: 'info',
  timestamp: '2026-09-11 14:01:10'
}
{
  message: 'Initialization successful for Email Id : shubhamsutar5799@gmail.com in Environment : https://www.zohoapis.com.',
  level: 'info',
  timestamp: '2026-09-11 14:01:17'
}
{
  message: 'Initialization successful for Email Id : shubhamsutar5799@gmail.com in Environment : https://www.zohoapis.com.',
  level: 'info',
  timestamp: '2026-09-11 14:02:02'
}
{
  message: 'Initialization successful for Email Id : shubhamsutar5799@gmail.com in Environment : https://www.zohoapis.com.',
  level: 'info',
  timestamp: '2026-09-11 14:02:10'
}
{
  message: `REQUEST-METHOD = GET , URL = https://www.zohoapis.com/crm/v2/Contacts , HEADERS = [["Authorization"," ## can't disclose ## "],["X-ZOHO-SDK","win32/10.0.26200/nodejs-2.0/v22.16.0:6.1.0"]] , PARAMS = [].`,
  level: 'info',
  timestamp: '2026-09-11 14:02:11'
}
{
  message: `REQUEST-METHOD = GET , URL = https://www.zohoapis.com/crm/v2/Leads , HEADERS = [["Authorization"," ## can't disclose ## "],["X-ZOHO-SDK","win32/10.0.26200/nodejs-2.0/v22.16.0:6.1.0"]] , PARAMS = [].`,
  level: 'info',
  timestamp: '2026-09-11 14:02:12'
}
{
  message: `REQUEST-METHOD = GET , URL = https://www.zohoapis.com/crm/v2/Contacts , HEADERS = [["Authorization"," ## can't disclose ## "],["X-ZOHO-SDK","win32/10.0.26200/nodejs-2.0/v22.16.0:6.1.0"]] , PARAMS = [].`,
  level: 'info',
  timestamp: '2026-09-11 14:02:12'
}
{
  message: `REQUEST-METHOD = GET , URL = https://www.zohoapis.com/crm/v2/Leads , HEADERS = [["Authorization"," ## can't disclose ## "],["X-ZOHO-SDK","win32/10.0.26200/nodejs-2.0/v22.16.0:6.1.0"]] , PARAMS = [].`,
  level: 'info',
  timestamp: '2026-09-11 14:02:13'
}
{
  message: 'Initialization successful for Email Id : shubhamsutar5799@gmail.com in Environment : https://www.zohoapis.com.',
  level: 'info',
  timestamp: '2026-09-11 14:02:14'
}
{
  message: 'Initialization successful for Email Id : shubhamsutar5799@gmail.com in Environment : https://www.zohoapis.com.',
  level: 'info',
  timestamp: '2026-09-11 14:02:14'
}
{
  message: 'Initialization successful for Email Id : shubhamsutar5799@gmail.com in Environment : https://www.zohoapis.com.',
  level: 'info',
  timestamp: '2026-09-11 14:04:00'
}
{
  message: 'Initialization successful for Email Id : shubhamsutar5799@gmail.com in Environment : https://www.zohoapis.com.',
  level: 'info',
  timestamp: '2026-09-11 14:04:08'
}
{
  message: 'Initialization successful for Email Id : shubhamsutar5799@gmail.com in Environment : https://www.zohoapis.com.',
  level: 'info',
  timestamp: '2026-09-11 14:04:52'
}
{
  message: 'Initialization successful for Email Id : shubhamsutar5799@gmail.com in Environment : https://www.zohoapis.com.',
  level: 'info',
  timestamp: '2026-09-11 14:05:01'
}
{
  message: `REQUEST-METHOD = GET , URL = https://www.zohoapis.com/crm/v2/Contacts , HEADERS = [["Authorization"," ## can't disclose ## "],["X-ZOHO-SDK","win32/10.0.26200/nodejs-2.0/v22.16.0:6.1.0"]] , PARAMS = [].`,
  level: 'info',
  timestamp: '2026-09-11 14:05:01'
}
{
  message: 'Initialization successful for Email Id : shubhamsutar5799@gmail.com in Environment : https://www.zohoapis.com.',
  level: 'info',
  timestamp: '2026-09-11 14:05:03'
}
{
  message: 'Initialization successful for Email Id : shubhamsutar5799@gmail.com in Environment : https://www.zohoapis.com.',
  level: 'info',
  timestamp: '2026-09-11 14:08:51'
}
{
  message: 'Initialization successful for Email Id : shubhamsutar5799@gmail.com in Environment : https://www.zohoapis.com.',
  level: 'info',
  timestamp: '2026-09-11 14:09:16'
}
{
  message: 'Initialization successful for Email Id : shubhamsutar5799@gmail.com in Environment : https://www.zohoapis.com.',
  level: 'info',
  timestamp: '2026-09-11 14:09:28'
}
{
  message: 'Initialization successful for Email Id : shubhamsutar5799@gmail.com in Environment : https://www.zohoapis.com.',
  level: 'info',
  timestamp: '2026-09-11 14:09:56'
}
{
  message: 'Initialization successful for Email Id : shubhamsutar5799@gmail.com in Environment : https://www.zohoapis.com.',
  level: 'info',
  timestamp: '2026-09-11 14:09:57'
}
{
  message: 'Initialization successful for Email Id : shubhamsutar5799@gmail.com in Environment : https://www.zohoapis.com.',
  level: 'info',
  timestamp: '2026-09-11 14:10:05'
}
{
  message: 'Initialization successful for Email Id : shubhamsutar5799@gmail.com in Environment : https://www.zohoapis.com.',
  level: 'info',
  timestamp: '2026-09-11 14:10:06'
}
{
  message: 'Initialization successful for Email Id : shubhamsutar5799@gmail.com in Environment : https://www.zohoapis.com.',
  level: 'info',
  timestamp: '2026-09-11 14:10:12'
}
{
  message: 'Initialization successful for Email Id : shubhamsutar5799@gmail.com in Environment : https://www.zohoapis.com.',
  level: 'info',
  timestamp: '2026-09-11 14:14:03'
}
{
  message: 'Initialization successful for Email Id : shubhamsutar5799@gmail.com in Environment : https://www.zohoapis.com.',
  level: 'info',
  timestamp: '2026-09-11 14:14:10'
}
{
  message: 'Initialization successful for Email Id : shubhamsutar5799@gmail.com in Environment : https://www.zohoapis.com.',
  level: 'info',
  timestamp: '2026-09-11 14:14:19'
}
{
  message: 'Initialization successful for Email Id : shubhamsutar5799@gmail.com in Environment : https://www.zohoapis.com.',
  level: 'info',
  timestamp: '2026-09-11 14:15:01'
}
{
  message: 'Initialization successful for Email Id : shubhamsutar5799@gmail.com in Environment : https://www.zohoapis.com.',
  level: 'info',
  timestamp: '2026-09-11 14:15:19'
}
